2026-03-15 00:53:01.768 +07:00 [INF] TrendCrawlerWorker: Starting scheduled crawl...
2026-03-15 00:53:01.801 +07:00 [INF] Crawling YouTube trends for region Global
2026-03-15 00:53:02.340 +07:00 [INF] Collected 20 YouTube trends for region Global
2026-03-15 00:53:02.370 +07:00 [INF] Saved 20 trends from YouTube (Global)
2026-03-15 00:53:02.370 +07:00 [INF] Crawling YouTube trends for region United States
2026-03-15 00:53:02.472 +07:00 [ERR] YouTube API error: "BadRequest" - {
  "error": {
    "code": 400,
    "message": "The \u003ccode\u003eregionCode\u003c/code\u003e parameter specifies an invalid region code.",
    "errors": [
      {
        "message": "The \u003ccode\u003eregionCode\u003c/code\u003e parameter specifies an invalid region code.",
        "domain": "youtube.parameter",
        "reason": "invalidRegionCode",
        "location": "regionCode",
        "locationType": "parameter"
      }
    ]
  }
}

2026-03-15 00:53:02.475 +07:00 [ERR] Failed to collect YouTube trends for region United States
System.Net.Http.HttpRequestException: Response status code does not indicate success: 400 (Bad Request).
   at System.Net.Http.HttpResponseMessage.EnsureSuccessStatusCode()
   at AutoVeo.Infrastructure.External.YouTubeTrendCollector.CollectAsync(String region, CancellationToken ct) in /Users/macbook/Documents/Coding/AutoVeo/backend/src/AutoVeo.Infrastructure/External/TrendCollectors.cs:line 44
2026-03-15 00:53:02.477 +07:00 [INF] Saved 0 trends from YouTube (United States)
2026-03-15 00:53:02.477 +07:00 [INF] Crawling YouTube trends for region Vietnam
2026-03-15 00:53:02.577 +07:00 [ERR] YouTube API error: "BadRequest" - {
  "error": {
    "code": 400,
    "message": "The \u003ccode\u003eregionCode\u003c/code\u003e parameter specifies an invalid region code.",
    "errors": [
      {
        "message": "The \u003ccode\u003eregionCode\u003c/code\u003e parameter specifies an invalid region code.",
        "domain": "youtube.parameter",
        "reason": "invalidRegionCode",
        "location": "regionCode",
        "locationType": "parameter"
      }
    ]
  }
}

2026-03-15 00:53:02.577 +07:00 [ERR] Failed to collect YouTube trends for region Vietnam
System.Net.Http.HttpRequestException: Response status code does not indicate success: 400 (Bad Request).
   at System.Net.Http.HttpResponseMessage.EnsureSuccessStatusCode()
   at AutoVeo.Infrastructure.External.YouTubeTrendCollector.CollectAsync(String region, CancellationToken ct) in /Users/macbook/Documents/Coding/AutoVeo/backend/src/AutoVeo.Infrastructure/External/TrendCollectors.cs:line 44
2026-03-15 00:53:02.577 +07:00 [INF] Saved 0 trends from YouTube (Vietnam)
2026-03-15 00:53:02.577 +07:00 [INF] Crawling TikTok trends for region Global
2026-03-15 00:53:04.578 +07:00 [INF] Fetching TikTok trends from Tikwm for region: Global
2026-03-15 00:53:04.947 +07:00 [INF] Collected 0 TikTok trends from Tikwm for region Global
2026-03-15 00:53:04.947 +07:00 [INF] Saved 0 trends from TikTok (Global)
2026-03-15 00:53:04.947 +07:00 [INF] Crawling TikTok trends for region United States
2026-03-15 00:53:06.950 +07:00 [INF] Fetching TikTok trends from Tikwm for region: United States
2026-03-15 00:53:11.478 +07:00 [INF] Collected 6 TikTok trends from Tikwm for region United States
2026-03-15 00:53:11.488 +07:00 [INF] Saved 6 trends from TikTok (United States)
2026-03-15 00:53:11.488 +07:00 [INF] Crawling TikTok trends for region Vietnam
2026-03-15 00:53:13.490 +07:00 [INF] Fetching TikTok trends from Tikwm for region: Vietnam
2026-03-15 00:53:18.056 +07:00 [INF] Collected 20 TikTok trends from Tikwm for region Vietnam
2026-03-15 00:53:18.073 +07:00 [INF] Saved 20 trends from TikTok (Vietnam)
2026-03-15 00:53:18.074 +07:00 [INF] Crawling Google Trends trends for region Global
2026-03-15 00:53:18.676 +07:00 [INF] Collected 10 Google Trends for region Global
2026-03-15 00:53:18.687 +07:00 [INF] Saved 10 trends from Google Trends (Global)
2026-03-15 00:53:18.687 +07:00 [INF] Crawling Google Trends trends for region United States
2026-03-15 00:53:18.805 +07:00 [ERR] Failed to collect Google Trends for region United States
System.Net.Http.HttpRequestException: Response status code does not indicate success: 400 (Bad Request).
   at System.Net.Http.HttpResponseMessage.EnsureSuccessStatusCode()
   at System.Net.Http.HttpClient.GetStringAsyncCore(HttpRequestMessage request, CancellationToken cancellationToken)
   at AutoVeo.Infrastructure.External.GoogleTrendsCollector.CollectAsync(String region, CancellationToken ct) in /Users/macbook/Documents/Coding/AutoVeo/backend/src/AutoVeo.Infrastructure/External/TrendCollectors.cs:line 256
2026-03-15 00:53:18.806 +07:00 [INF] Saved 0 trends from Google Trends (United States)
2026-03-15 00:53:18.806 +07:00 [INF] Crawling Google Trends trends for region Vietnam
2026-03-15 00:53:18.932 +07:00 [ERR] Failed to collect Google Trends for region Vietnam
System.Net.Http.HttpRequestException: Response status code does not indicate success: 400 (Bad Request).
   at System.Net.Http.HttpResponseMessage.EnsureSuccessStatusCode()
   at System.Net.Http.HttpClient.GetStringAsyncCore(HttpRequestMessage request, CancellationToken cancellationToken)
   at AutoVeo.Infrastructure.External.GoogleTrendsCollector.CollectAsync(String region, CancellationToken ct) in /Users/macbook/Documents/Coding/AutoVeo/backend/src/AutoVeo.Infrastructure/External/TrendCollectors.cs:line 256
2026-03-15 00:53:18.934 +07:00 [INF] Saved 0 trends from Google Trends (Vietnam)
2026-03-15 00:53:18.934 +07:00 [INF] TrendCrawlerWorker: Waiting 60 minutes for next crawl...
2026-03-15 15:10:27.079 +07:00 [INF] TrendCrawlerWorker: Starting scheduled crawl...
2026-03-15 15:10:27.121 +07:00 [INF] Crawling YouTube trends for region Global
2026-03-15 15:10:27.734 +07:00 [INF] Collected 20 YouTube trends for region Global
2026-03-15 15:10:27.761 +07:00 [INF] Saved 20 trends from YouTube (Global)
2026-03-15 15:10:27.761 +07:00 [INF] Crawling YouTube trends for region United States
2026-03-15 15:10:27.869 +07:00 [ERR] YouTube API error: "BadRequest" - {
  "error": {
    "code": 400,
    "message": "The \u003ccode\u003eregionCode\u003c/code\u003e parameter specifies an invalid region code.",
    "errors": [
      {
        "message": "The \u003ccode\u003eregionCode\u003c/code\u003e parameter specifies an invalid region code.",
        "domain": "youtube.parameter",
        "reason": "invalidRegionCode",
        "location": "regionCode",
        "locationType": "parameter"
      }
    ]
  }
}

2026-03-15 15:10:27.872 +07:00 [ERR] Failed to collect YouTube trends for region United States
System.Net.Http.HttpRequestException: Response status code does not indicate success: 400 (Bad Request).
   at System.Net.Http.HttpResponseMessage.EnsureSuccessStatusCode()
   at AutoVeo.Infrastructure.External.YouTubeTrendCollector.CollectAsync(String region, CancellationToken ct) in /Users/macbook/Documents/Coding/AutoVeo/backend/src/AutoVeo.Infrastructure/External/TrendCollectors.cs:line 44
2026-03-15 15:10:27.875 +07:00 [INF] Saved 0 trends from YouTube (United States)
2026-03-15 15:10:27.876 +07:00 [INF] Crawling YouTube trends for region Vietnam
2026-03-15 15:10:27.984 +07:00 [ERR] YouTube API error: "BadRequest" - {
  "error": {
    "code": 400,
    "message": "The \u003ccode\u003eregionCode\u003c/code\u003e parameter specifies an invalid region code.",
    "errors": [
      {
        "message": "The \u003ccode\u003eregionCode\u003c/code\u003e parameter specifies an invalid region code.",
        "domain": "youtube.parameter",
        "reason": "invalidRegionCode",
        "location": "regionCode",
        "locationType": "parameter"
      }
    ]
  }
}

2026-03-15 15:10:27.985 +07:00 [ERR] Failed to collect YouTube trends for region Vietnam
System.Net.Http.HttpRequestException: Response status code does not indicate success: 400 (Bad Request).
   at System.Net.Http.HttpResponseMessage.EnsureSuccessStatusCode()
   at AutoVeo.Infrastructure.External.YouTubeTrendCollector.CollectAsync(String region, CancellationToken ct) in /Users/macbook/Documents/Coding/AutoVeo/backend/src/AutoVeo.Infrastructure/External/TrendCollectors.cs:line 44
2026-03-15 15:10:27.985 +07:00 [INF] Saved 0 trends from YouTube (Vietnam)
2026-03-15 15:10:27.987 +07:00 [INF] Crawling TikTok trends for region Global
2026-03-15 15:10:29.989 +07:00 [INF] Fetching TikTok trends from Tikwm for region: Global
2026-03-15 15:10:30.340 +07:00 [INF] Collected 0 TikTok trends from Tikwm for region Global
2026-03-15 15:10:30.341 +07:00 [INF] Saved 0 trends from TikTok (Global)
2026-03-15 15:10:30.341 +07:00 [INF] Crawling TikTok trends for region United States
2026-03-15 15:10:32.345 +07:00 [INF] Fetching TikTok trends from Tikwm for region: United States
2026-03-15 15:10:37.486 +07:00 [INF] Collected 20 TikTok trends from Tikwm for region United States
2026-03-15 15:10:37.504 +07:00 [INF] Saved 20 trends from TikTok (United States)
2026-03-15 15:10:37.504 +07:00 [INF] Crawling TikTok trends for region Vietnam
2026-03-15 15:10:39.504 +07:00 [INF] Fetching TikTok trends from Tikwm for region: Vietnam
2026-03-15 15:10:44.046 +07:00 [INF] Collected 8 TikTok trends from Tikwm for region Vietnam
2026-03-15 15:10:44.055 +07:00 [INF] Saved 8 trends from TikTok (Vietnam)
2026-03-15 15:10:44.059 +07:00 [INF] Crawling Google Trends trends for region Global
2026-03-15 15:10:44.737 +07:00 [INF] Collected 10 Google Trends for region Global
2026-03-15 15:10:44.856 +07:00 [INF] Saved 10 trends from Google Trends (Global)
2026-03-15 15:10:44.859 +07:00 [INF] Crawling Google Trends trends for region United States
2026-03-15 15:10:45.048 +07:00 [ERR] Failed to collect Google Trends for region United States
System.Net.Http.HttpRequestException: Response status code does not indicate success: 400 (Bad Request).
   at System.Net.Http.HttpResponseMessage.EnsureSuccessStatusCode()
   at System.Net.Http.HttpClient.GetStringAsyncCore(HttpRequestMessage request, CancellationToken cancellationToken)
   at AutoVeo.Infrastructure.External.GoogleTrendsCollector.CollectAsync(String region, CancellationToken ct) in /Users/macbook/Documents/Coding/AutoVeo/backend/src/AutoVeo.Infrastructure/External/TrendCollectors.cs:line 256
2026-03-15 15:10:45.051 +07:00 [INF] Saved 0 trends from Google Trends (United States)
2026-03-15 15:10:45.051 +07:00 [INF] Crawling Google Trends trends for region Vietnam
2026-03-15 15:10:45.221 +07:00 [ERR] Failed to collect Google Trends for region Vietnam
System.Net.Http.HttpRequestException: Response status code does not indicate success: 400 (Bad Request).
   at System.Net.Http.HttpResponseMessage.EnsureSuccessStatusCode()
   at System.Net.Http.HttpClient.GetStringAsyncCore(HttpRequestMessage request, CancellationToken cancellationToken)
   at AutoVeo.Infrastructure.External.GoogleTrendsCollector.CollectAsync(String region, CancellationToken ct) in /Users/macbook/Documents/Coding/AutoVeo/backend/src/AutoVeo.Infrastructure/External/TrendCollectors.cs:line 256
2026-03-15 15:10:45.223 +07:00 [INF] Saved 0 trends from Google Trends (Vietnam)
2026-03-15 15:10:45.225 +07:00 [INF] TrendCrawlerWorker: Waiting 60 minutes for next crawl...
